******************************************************************************
                  TI ARM Linker PC v20.2.1                     
******************************************************************************
>> Linked Fri Feb 12 08:07:10 2021

OUTPUT FILE NAME:   <AlarmaMoto.out>
ENTRY POINT SYMBOL: "_c_int00_noargs"  address: 000010c1


MEMORY CONFIGURATION

         name            origin    length      used     unused   attr    fill
----------------------  --------  ---------  --------  --------  ----  --------
  FLASH                 00000000   00100000  00001172  000fee8e  R  X
  SRAM                  20000000   00040000  00000230  0003fdd0  RW X


SEGMENT ALLOCATION MAP

run origin  load origin   length   init length attrs members
----------  ----------- ---------- ----------- ----- -------
00000000    00000000    00001178   00001178    r-x
  00000000    00000000    00000208   00000208    r-- .intvecs
  00000208    00000208    00000f30   00000f30    r-x .text
  00001138    00001138    0000000a   0000000a    r-- .const
  00001148    00001148    00000030   00000030    r-- .cinit
20000000    20000000    00000230   00000000    rw-
  20000000    20000000    00000200   00000000    rw- .stack
  20000200    20000200    0000002c   00000000    rw- .data
  2000022c    2000022c    00000004   00000000    rw- .bss


SECTION ALLOCATION MAP

 output                                  attributes/
section   page    origin      length       input sections
--------  ----  ----------  ----------   ----------------
.intvecs   0    00000000    00000208     
                  00000000    00000208     tm4c1294ncpdt_startup_ccs.obj (.intvecs)

.text      0    00000208    00000f30     
                  00000208    00000d70     main.obj (.text)
                  00000f78    0000009c     rtsv7M4_T_le_v4SPD16_eabi.lib : memcpy_t2.asm.obj (.text)
                  00001014    00000068                                   : copy_decompress_lzss.c.obj (.text:decompress:lzss:__TI_decompress_lzss)
                  0000107c    00000044                                   : autoinit.c.obj (.text:__TI_auto_init_nobinit_nopinit:__TI_auto_init_nobinit_nopinit)
                  000010c0    00000034                                   : boot_cortex_m.c.obj (.text:_c_int00_noargs:_c_int00_noargs)
                  000010f4    0000001c                                   : copy_zero_init.c.obj (.text:decompress:ZI:__TI_zero_init_nomemset:__TI_zero_init_nomemset)
                  00001110    0000000e                                   : copy_decompress_none.c.obj (.text:decompress:none:__TI_decompress_none)
                  0000111e    0000000c     tm4c1294ncpdt_startup_ccs.obj (.text)
                  0000112a    00000006     driverlib.lib : sysctl.obj (.text:SysCtlDelay)
                  00001130    00000004     rtsv7M4_T_le_v4SPD16_eabi.lib : pre_init.c.obj (.text:_system_pre_init)
                  00001134    00000004                                   : exit.c.obj (.text:abort:abort)

.const     0    00001138    0000000a     
                  00001138    00000005     main.obj (.const:.string:$P$T0$1)
                  0000113d    00000003     --HOLE-- [fill = 0]
                  00001140    00000002     main.obj (.const:.string)

.cinit     0    00001148    00000030     
                  00001148    0000000c     (.cinit..data.load) [load image, compression = lzss]
                  00001154    0000000c     (__TI_handler_table)
                  00001160    00000008     (.cinit..bss.load) [load image, compression = zero_init]
                  00001168    00000010     (__TI_cinit_table)

.init_array 
*          0    00000000    00000000     UNINITIALIZED

.data      0    20000200    0000002c     UNINITIALIZED
                  20000200    0000002c     main.obj (.data)

.bss       0    2000022c    00000004     UNINITIALIZED
                  2000022c    00000004     (.common:ValorADC)

.stack     0    20000000    00000200     UNINITIALIZED
                  20000000    00000004     rtsv7M4_T_le_v4SPD16_eabi.lib : boot_cortex_m.c.obj (.stack)
                  20000004    000001fc     --HOLE--

__llvm_prf_cnts 
*          0    20000000    00000000     UNINITIALIZED

MODULE SUMMARY

       Module                          code   ro data   rw data
       ------                          ----   -------   -------
    .\
       main.obj                        3440   7         48     
       tm4c1294ncpdt_startup_ccs.obj   12     520       0      
    +--+-------------------------------+------+---------+---------+
       Total:                          3452   527       48     
                                                               
    C:/ti/TivaWare_C_Series-2.2.0.295/driverlib/ccs/Debug/driverlib.lib
       sysctl.obj                      6      0         0      
    +--+-------------------------------+------+---------+---------+
       Total:                          6      0         0      
                                                               
    C:\ti\ccs1011\ccs\tools\compiler\ti-cgt-arm_20.2.1.LTS\lib\rtsv7M4_T_le_v4SPD16_eabi.lib
       memcpy_t2.asm.obj               156    0         0      
       copy_decompress_lzss.c.obj      104    0         0      
       autoinit.c.obj                  68     0         0      
       boot_cortex_m.c.obj             52     0         0      
       copy_zero_init.c.obj            28     0         0      
       copy_decompress_none.c.obj      14     0         0      
       exit.c.obj                      4      0         0      
       pre_init.c.obj                  4      0         0      
    +--+-------------------------------+------+---------+---------+
       Total:                          430    0         0      
                                                               
       Stack:                          0      0         512    
       Linker Generated:               0      48        0      
    +--+-------------------------------+------+---------+---------+
       Grand Total:                    3888   575       560    


LINKER GENERATED COPY TABLES

__TI_cinit_table @ 00001168 records: 2, size/record: 8, table size: 16
	.data: load addr=00001148, load size=0000000c bytes, run addr=20000200, run size=0000002c bytes, compression=lzss
	.bss: load addr=00001160, load size=00000008 bytes, run addr=2000022c, run size=00000004 bytes, compression=zero_init


LINKER GENERATED HANDLER TABLE

__TI_handler_table @ 00001154 records: 3, size/record: 4, table size: 12
	index: 0, handler: __TI_decompress_lzss
	index: 1, handler: __TI_decompress_none
	index: 2, handler: __TI_zero_init


GLOBAL SYMBOLS: SORTED ALPHABETICALLY BY Name 

address   name                          
-------   ----                          
000003c9  Abecedario                    
000009df  AbrirCajuela                  
20000208  AcelerometroX                 
2000020c  AcelerometroY                 
00001135  C$$EXIT                       
00000ec1  CaracterisarTeclado           
20000220  Codigo                        
00000277  Cronometro                    
000002c5  EscribirComando               
00000365  EscribirDatos                 
0000075f  EscribirDisplay               
20000204  Fotoresistencia               
00000ba9  LeerPosicionColumna           
00000939  LeerPuertosAnalogicos         
000009ed  PromediarValoresAnalogicos    
0000111f  ResetISR                      
0000112b  SysCtlDelay                   
00000e83  TecladoIni                    
2000022c  ValorADC                      
00000de7  VerificarCodigo               
20000200  __STACK_END                   
00000200  __STACK_SIZE                  
20000200  __STACK_TOP                   
00001168  __TI_CINIT_Base               
00001178  __TI_CINIT_Limit              
00001154  __TI_Handler_Table_Base       
00001160  __TI_Handler_Table_Limit      
0000107d  __TI_auto_init_nobinit_nopinit
00001015  __TI_decompress_lzss          
00001111  __TI_decompress_none          
ffffffff  __TI_pprof_out_hndl           
ffffffff  __TI_prof_data_size           
ffffffff  __TI_prof_data_start          
00000000  __TI_static_base__            
000010f5  __TI_zero_init_nomemset       
00000f79  __aeabi_memcpy                
00000f79  __aeabi_memcpy4               
00000f79  __aeabi_memcpy8               
ffffffff  __binit__                     
ffffffff  __c_args__                    
UNDEFED   __mpu_init                    
20000000  __stack                       
20000000  __start___llvm_prf_cnts       
20000000  __stop___llvm_prf_cnts        
000010c1  _c_int00_noargs               
UNDEFED   _system_post_cinit            
00001131  _system_pre_init              
00001135  abort                         
00000a43  alarma                        
0000097b  apagarLuces                   
ffffffff  binit                         
20000224  c                             
000002b7  clearPorts                    
00000209  configuracionPuertos          
00000000  g_pfnVectors                  
000009c3  girarServoDerecha             
000009a7  girarServoIzquierda           
000002e7  inicioDisplay                 
0000084f  inicioDispositivosAnalogicos  
000007b1  inicioLucesYMov               
000007db  inicioServo                   
20000200  lm35                          
00000f0d  main                          
00000f79  memcpy                        
00000973  prenderLuces                  
20000218  promedioAcelerometroX         
2000021c  promedioAcelerometroY         
20000214  promedioFotoresistencia       
20000210  promediolm35                  
20000228  r                             
00000a8d  tiempo                        
00000983  vigilarMovimiento             


GLOBAL SYMBOLS: SORTED BY Symbol Address 

address   name                          
-------   ----                          
00000000  __TI_static_base__            
00000000  g_pfnVectors                  
00000200  __STACK_SIZE                  
00000209  configuracionPuertos          
00000277  Cronometro                    
000002b7  clearPorts                    
000002c5  EscribirComando               
000002e7  inicioDisplay                 
00000365  EscribirDatos                 
000003c9  Abecedario                    
0000075f  EscribirDisplay               
000007b1  inicioLucesYMov               
000007db  inicioServo                   
0000084f  inicioDispositivosAnalogicos  
00000939  LeerPuertosAnalogicos         
00000973  prenderLuces                  
0000097b  apagarLuces                   
00000983  vigilarMovimiento             
000009a7  girarServoIzquierda           
000009c3  girarServoDerecha             
000009df  AbrirCajuela                  
000009ed  PromediarValoresAnalogicos    
00000a43  alarma                        
00000a8d  tiempo                        
00000ba9  LeerPosicionColumna           
00000de7  VerificarCodigo               
00000e83  TecladoIni                    
00000ec1  CaracterisarTeclado           
00000f0d  main                          
00000f79  __aeabi_memcpy                
00000f79  __aeabi_memcpy4               
00000f79  __aeabi_memcpy8               
00000f79  memcpy                        
00001015  __TI_decompress_lzss          
0000107d  __TI_auto_init_nobinit_nopinit
000010c1  _c_int00_noargs               
000010f5  __TI_zero_init_nomemset       
00001111  __TI_decompress_none          
0000111f  ResetISR                      
0000112b  SysCtlDelay                   
00001131  _system_pre_init              
00001135  C$$EXIT                       
00001135  abort                         
00001154  __TI_Handler_Table_Base       
00001160  __TI_Handler_Table_Limit      
00001168  __TI_CINIT_Base               
00001178  __TI_CINIT_Limit              
20000000  __stack                       
20000000  __start___llvm_prf_cnts       
20000000  __stop___llvm_prf_cnts        
20000200  __STACK_END                   
20000200  __STACK_TOP                   
20000200  lm35                          
20000204  Fotoresistencia               
20000208  AcelerometroX                 
2000020c  AcelerometroY                 
20000210  promediolm35                  
20000214  promedioFotoresistencia       
20000218  promedioAcelerometroX         
2000021c  promedioAcelerometroY         
20000220  Codigo                        
20000224  c                             
20000228  r                             
2000022c  ValorADC                      
ffffffff  __TI_pprof_out_hndl           
ffffffff  __TI_prof_data_size           
ffffffff  __TI_prof_data_start          
ffffffff  __binit__                     
ffffffff  __c_args__                    
ffffffff  binit                         
UNDEFED   __mpu_init                    
UNDEFED   _system_post_cinit            

[72 symbols]
